20:18:25.198 [http-nio-8080-exec-1] INFO  s.m.controller.SpectrumController - Get request for spectrum list
20:18:25.198 [http-nio-8080-exec-1] WARN  s.m.controller.SpectrumController - WARN: Get request for spectrum list
20:18:43.290 [main] INFO  s.m.MsSearchEngineApplication - Starting MsSearchEngineApplication using Java 17.0.7 with PID 44954 (/Users/linwunyu/Documents/GitHub/MS_search_engine/target/classes started by linwunyu in /Users/linwunyu/Documents/GitHub/MS_search_engine)
20:18:43.291 [main] DEBUG s.m.MsSearchEngineApplication - Running with Spring Boot v3.1.4, Spring v6.0.12
20:18:43.291 [main] INFO  s.m.MsSearchEngineApplication - No active profile set, falling back to 1 default profile: "default"
20:18:45.928 [main] INFO  s.m.MsSearchEngineApplication - Started MsSearchEngineApplication in 2.929 seconds (process running for 3.542)
20:18:50.086 [http-nio-8080-exec-1] INFO  s.m.controller.SpectrumController - Get request for spectrum list
20:18:50.086 [http-nio-8080-exec-1] WARN  s.m.controller.SpectrumController - WARN: Get request for spectrum list
20:18:57.184 [http-nio-8080-exec-2] INFO  s.m.controller.SpectrumController - Get request for spectrum list
20:18:57.184 [http-nio-8080-exec-2] WARN  s.m.controller.SpectrumController - WARN: Get request for spectrum list
20:19:24.424 [main] INFO  s.m.MsSearchEngineApplication - Starting MsSearchEngineApplication using Java 17.0.7 with PID 45012 (/Users/linwunyu/Documents/GitHub/MS_search_engine/target/classes started by linwunyu in /Users/linwunyu/Documents/GitHub/MS_search_engine)
20:19:24.425 [main] DEBUG s.m.MsSearchEngineApplication - Running with Spring Boot v3.1.4, Spring v6.0.12
20:19:24.426 [main] INFO  s.m.MsSearchEngineApplication - No active profile set, falling back to 1 default profile: "default"
20:19:26.893 [main] INFO  s.m.MsSearchEngineApplication - Started MsSearchEngineApplication in 2.755 seconds (process running for 3.376)
20:19:32.266 [http-nio-8080-exec-1] INFO  s.m.controller.SpectrumController - Get request for spectrum list
20:19:32.267 [http-nio-8080-exec-1] WARN  s.m.controller.SpectrumController - WARN: Get request for spectrum list
20:19:56.441 [main] INFO  s.m.MsSearchEngineApplication - Starting MsSearchEngineApplication using Java 17.0.7 with PID 45049 (/Users/linwunyu/Documents/GitHub/MS_search_engine/target/classes started by linwunyu in /Users/linwunyu/Documents/GitHub/MS_search_engine)
20:19:56.442 [main] DEBUG s.m.MsSearchEngineApplication - Running with Spring Boot v3.1.4, Spring v6.0.12
20:19:56.443 [main] INFO  s.m.MsSearchEngineApplication - No active profile set, falling back to 1 default profile: "default"
20:19:59.047 [main] INFO  s.m.MsSearchEngineApplication - Started MsSearchEngineApplication in 2.895 seconds (process running for 3.561)
00:28:13.952 [main] INFO  s.m.MsSearchEngineApplication - Starting MsSearchEngineApplication using Java 17.0.7 with PID 58565 (/Users/linwunyu/Documents/GitHub/MS_search_engine/target/classes started by linwunyu in /Users/linwunyu/Documents/GitHub/MS_search_engine)
00:28:13.953 [main] DEBUG s.m.MsSearchEngineApplication - Running with Spring Boot v3.0.1, Spring v6.0.3
00:28:13.954 [main] INFO  s.m.MsSearchEngineApplication - No active profile set, falling back to 1 default profile: "default"
00:28:16.312 [main] INFO  s.m.MsSearchEngineApplication - Started MsSearchEngineApplication in 2.686 seconds (process running for 3.296)
00:29:27.395 [main] INFO  s.m.MsSearchEngineApplication - Starting MsSearchEngineApplication using Java 17.0.7 with PID 58660 (/Users/linwunyu/Documents/GitHub/MS_search_engine/target/classes started by linwunyu in /Users/linwunyu/Documents/GitHub/MS_search_engine)
00:29:27.396 [main] DEBUG s.m.MsSearchEngineApplication - Running with Spring Boot v3.0.1, Spring v6.0.3
00:29:27.397 [main] INFO  s.m.MsSearchEngineApplication - No active profile set, falling back to 1 default profile: "default"
00:29:29.732 [main] INFO  s.m.MsSearchEngineApplication - Started MsSearchEngineApplication in 2.641 seconds (process running for 3.227)
00:29:37.507 [http-nio-8080-exec-1] INFO  s.m.controller.SpectrumController - Get request for spectrum by id: 123
00:29:37.508 [http-nio-8080-exec-1] INFO  s.m.controller.SpectrumController - json的值為：{"id":123,"compoundDataId":29,"compoundClassificationId":20,"authorId":0,"msLevel":2,"precursorMz":511.3,"exactMass":528.309,"collisionEnergy":"30 V","mzError":-0.00133375,"lastModify":1696191895000,"dateCreated":1696191895000,"dataSourceArrayList":["['MassBank', 'LC-MS']"],"toolType":"LC-ESI-QQ","instrument":"QuattroPremier XE, Waters","ionMode":"positive","ms2Spectrum":"105:7.407407 107:15.315315 109:9.409409 111:4.704705 113:100.000000 114:2.002002 117:0.800801 119:6.306306 121:18.018018 123:5.505506 125:3.103103 127:2.002002 129:1.201201 131:2.402402 133:10.610611 135:10.210210 137:3.503504 139:11.411411 143:2.402402 145:24.324324 147:40.440440 149:6.706707 151:2.002002 153:21.521522 155:1.201201 157:5.905906 159:18.818819 161:30.230230 163:7.807808 165:23.123123 166:1.201201 169:3.103103 171:7.407407 173:7.107107 175:5.105105 177:7.107107 179:3.903904 181:3.903904 183:25.125125 185:8.608609 187:9.009009 189:19.619620 191:3.103103 193:1.201201 195:5.505506 197:10.610611 199:7.407407 201:3.103103 203:3.503504 205:1.601602 207:3.903904 209:4.704705 211:6.306306 213:5.505506 215:4.704705 217:1.601602 219:1.201201 221:2.002002 223:4.304304 225:5.105105 227:4.704705 229:2.002002 231:1.201201 233:1.601602 235:2.702703 237:3.103103 239:4.704705 241:3.103103 243:2.002002 245:1.201201 247:2.002002 249:3.503504 251:7.107107 253:6.706707 255:3.503504 257:2.402402 259:2.002002 261:5.505506 263:3.503504 265:4.304304 267:5.105105 269:5.505506 271:3.503504 273:4.304304 275:3.103103 277:7.107107 279:5.905906 281:5.505506 283:5.905906 285:3.103103 287:2.002002 289:3.503504 291:3.503504 293:2.702703 295:5.505506 297:7.807808 299:5.905906 301:3.103103 303:4.704705 305:5.505506 307:2.402402 309:2.402402 311:2.402402 313:4.304304 315:3.503504 317:4.304304 319:4.304304 321:3.103103 323:11.011011 325:2.402402 327:2.402402 329:3.503504 331:3.503504 333:1.601602 335:2.402402 337:2.002002 339:0.800801 341:6.306306 343:4.304304 345:4.704705 347:2.702703 349:3.903904 351:1.201201 353:1.201201 355:2.002002 357:2.702703 359:3.503504 361:2.002002 363:5.105105 365:2.402402 367:2.702703 369:2.702703 371:1.601602 373:2.402402 375:2.402402 378:1.201201 381:2.402402 383:2.702703 385:1.201201 387:3.503504 389:1.201201 391:1.201201 393:0.800801 397:0.800801 398:1.201201 401:3.103103 403:3.103103 405:1.601602 411:2.002002 413:2.002002 415:0.800801 416:1.201201 418:1.601602 421:2.702703 429:5.105105 431:5.105105 432:0.800801 439:4.704705 447:3.903904 449:4.304304 450:0.800801 457:12.112112 459:0.800801 467:1.601602 475:9.809810 476:0.800801 492:0.800801 493:5.105105 511:5.505506","precursorType":"[M+H-H2O]+"}
00:38:06.614 [main] INFO  s.m.MsSearchEngineApplication - Starting MsSearchEngineApplication using Java 17.0.7 with PID 59169 (/Users/linwunyu/Documents/GitHub/MS_search_engine/target/classes started by linwunyu in /Users/linwunyu/Documents/GitHub/MS_search_engine)
00:38:06.615 [main] DEBUG s.m.MsSearchEngineApplication - Running with Spring Boot v3.0.1, Spring v6.0.3
00:38:06.616 [main] INFO  s.m.MsSearchEngineApplication - No active profile set, falling back to 1 default profile: "default"
00:38:09.033 [main] INFO  s.m.MsSearchEngineApplication - Started MsSearchEngineApplication in 2.729 seconds (process running for 3.324)
00:38:19.700 [http-nio-8080-exec-1] INFO  s.m.controller.SpectrumController - Get request for spectrum by id: 123
00:38:19.700 [http-nio-8080-exec-1] INFO  s.m.controller.SpectrumController - json的值為：{"id":123,"compoundDataId":29,"compoundClassificationId":20,"authorId":0,"msLevel":2,"precursorMz":511.3,"exactMass":528.309,"collisionEnergy":"30 V","mzError":-0.00133375,"lastModify":1696191895000,"dateCreated":1696191895000,"dataSourceArrayList":["['MassBank', 'LC-MS']"],"toolType":"LC-ESI-QQ","instrument":"QuattroPremier XE, Waters","ionMode":"positive","ms2Spectrum":"105:7.407407 107:15.315315 109:9.409409 111:4.704705 113:100.000000 114:2.002002 117:0.800801 119:6.306306 121:18.018018 123:5.505506 125:3.103103 127:2.002002 129:1.201201 131:2.402402 133:10.610611 135:10.210210 137:3.503504 139:11.411411 143:2.402402 145:24.324324 147:40.440440 149:6.706707 151:2.002002 153:21.521522 155:1.201201 157:5.905906 159:18.818819 161:30.230230 163:7.807808 165:23.123123 166:1.201201 169:3.103103 171:7.407407 173:7.107107 175:5.105105 177:7.107107 179:3.903904 181:3.903904 183:25.125125 185:8.608609 187:9.009009 189:19.619620 191:3.103103 193:1.201201 195:5.505506 197:10.610611 199:7.407407 201:3.103103 203:3.503504 205:1.601602 207:3.903904 209:4.704705 211:6.306306 213:5.505506 215:4.704705 217:1.601602 219:1.201201 221:2.002002 223:4.304304 225:5.105105 227:4.704705 229:2.002002 231:1.201201 233:1.601602 235:2.702703 237:3.103103 239:4.704705 241:3.103103 243:2.002002 245:1.201201 247:2.002002 249:3.503504 251:7.107107 253:6.706707 255:3.503504 257:2.402402 259:2.002002 261:5.505506 263:3.503504 265:4.304304 267:5.105105 269:5.505506 271:3.503504 273:4.304304 275:3.103103 277:7.107107 279:5.905906 281:5.505506 283:5.905906 285:3.103103 287:2.002002 289:3.503504 291:3.503504 293:2.702703 295:5.505506 297:7.807808 299:5.905906 301:3.103103 303:4.704705 305:5.505506 307:2.402402 309:2.402402 311:2.402402 313:4.304304 315:3.503504 317:4.304304 319:4.304304 321:3.103103 323:11.011011 325:2.402402 327:2.402402 329:3.503504 331:3.503504 333:1.601602 335:2.402402 337:2.002002 339:0.800801 341:6.306306 343:4.304304 345:4.704705 347:2.702703 349:3.903904 351:1.201201 353:1.201201 355:2.002002 357:2.702703 359:3.503504 361:2.002002 363:5.105105 365:2.402402 367:2.702703 369:2.702703 371:1.601602 373:2.402402 375:2.402402 378:1.201201 381:2.402402 383:2.702703 385:1.201201 387:3.503504 389:1.201201 391:1.201201 393:0.800801 397:0.800801 398:1.201201 401:3.103103 403:3.103103 405:1.601602 411:2.002002 413:2.002002 415:0.800801 416:1.201201 418:1.601602 421:2.702703 429:5.105105 431:5.105105 432:0.800801 439:4.704705 447:3.903904 449:4.304304 450:0.800801 457:12.112112 459:0.800801 467:1.601602 475:9.809810 476:0.800801 492:0.800801 493:5.105105 511:5.505506","precursorType":"[M+H-H2O]+"}
11:55:17.239 [main] INFO  s.m.MsSearchEngineApplication - Starting MsSearchEngineApplication using Java 17.0.7 with PID 73279 (/Users/linwunyu/Documents/GitHub/MS_search_engine/target/classes started by linwunyu in /Users/linwunyu/Documents/GitHub/MS_search_engine)
11:55:17.243 [main] DEBUG s.m.MsSearchEngineApplication - Running with Spring Boot v3.0.1, Spring v6.0.3
11:55:17.244 [main] INFO  s.m.MsSearchEngineApplication - No active profile set, falling back to 1 default profile: "default"
11:55:20.378 [main] INFO  s.m.MsSearchEngineApplication - Started MsSearchEngineApplication in 3.483 seconds (process running for 4.143)
20:34:17.387 [main] INFO  s.m.MsSearchEngineApplication - Starting MsSearchEngineApplication using Java 17.0.7 with PID 11806 (/Users/linwunyu/Documents/GitHub/MS_search_engine/target/classes started by linwunyu in /Users/linwunyu/Documents/GitHub/MS_search_engine)
20:34:17.388 [main] DEBUG s.m.MsSearchEngineApplication - Running with Spring Boot v3.0.1, Spring v6.0.3
20:34:17.389 [main] INFO  s.m.MsSearchEngineApplication - No active profile set, falling back to 1 default profile: "default"
20:34:19.857 [main] INFO  s.m.MsSearchEngineApplication - Started MsSearchEngineApplication in 2.799 seconds (process running for 3.644)
20:36:44.195 [main] INFO  s.m.MsSearchEngineApplication - Starting MsSearchEngineApplication using Java 17.0.7 with PID 11950 (/Users/linwunyu/Documents/GitHub/MS_search_engine/target/classes started by linwunyu in /Users/linwunyu/Documents/GitHub/MS_search_engine)
20:36:44.196 [main] DEBUG s.m.MsSearchEngineApplication - Running with Spring Boot v3.0.1, Spring v6.0.3
20:36:44.197 [main] INFO  s.m.MsSearchEngineApplication - No active profile set, falling back to 1 default profile: "default"
20:36:46.721 [main] INFO  s.m.MsSearchEngineApplication - Started MsSearchEngineApplication in 2.835 seconds (process running for 3.475)
20:40:20.431 [main] INFO  s.m.MsSearchEngineApplication - Starting MsSearchEngineApplication using Java 17.0.7 with PID 12143 (/Users/linwunyu/Documents/GitHub/MS_search_engine/target/classes started by linwunyu in /Users/linwunyu/Documents/GitHub/MS_search_engine)
20:40:20.432 [main] DEBUG s.m.MsSearchEngineApplication - Running with Spring Boot v3.0.1, Spring v6.0.3
20:40:20.433 [main] INFO  s.m.MsSearchEngineApplication - No active profile set, falling back to 1 default profile: "default"
20:40:23.063 [main] INFO  s.m.MsSearchEngineApplication - Started MsSearchEngineApplication in 2.923 seconds (process running for 3.567)
20:41:02.482 [main] INFO  s.m.MsSearchEngineApplication - Starting MsSearchEngineApplication using Java 17.0.7 with PID 12193 (/Users/linwunyu/Documents/GitHub/MS_search_engine/target/classes started by linwunyu in /Users/linwunyu/Documents/GitHub/MS_search_engine)
20:41:02.483 [main] DEBUG s.m.MsSearchEngineApplication - Running with Spring Boot v3.0.1, Spring v6.0.3
20:41:02.484 [main] INFO  s.m.MsSearchEngineApplication - No active profile set, falling back to 1 default profile: "default"
20:41:05.185 [main] INFO  s.m.MsSearchEngineApplication - Started MsSearchEngineApplication in 3.006 seconds (process running for 3.698)
20:42:21.640 [main] INFO  s.m.MsSearchEngineApplication - Starting MsSearchEngineApplication using Java 17.0.7 with PID 12267 (/Users/linwunyu/Documents/GitHub/MS_search_engine/target/classes started by linwunyu in /Users/linwunyu/Documents/GitHub/MS_search_engine)
20:42:21.641 [main] DEBUG s.m.MsSearchEngineApplication - Running with Spring Boot v3.0.1, Spring v6.0.3
20:42:21.643 [main] INFO  s.m.MsSearchEngineApplication - No active profile set, falling back to 1 default profile: "default"
20:42:24.056 [main] INFO  s.m.MsSearchEngineApplication - Started MsSearchEngineApplication in 2.714 seconds (process running for 3.362)
20:42:35.368 [main] INFO  s.m.MsSearchEngineApplication - Starting MsSearchEngineApplication using Java 17.0.7 with PID 12283 (/Users/linwunyu/Documents/GitHub/MS_search_engine/target/classes started by linwunyu in /Users/linwunyu/Documents/GitHub/MS_search_engine)
20:42:35.371 [main] DEBUG s.m.MsSearchEngineApplication - Running with Spring Boot v3.0.1, Spring v6.0.3
20:42:35.372 [main] INFO  s.m.MsSearchEngineApplication - No active profile set, falling back to 1 default profile: "default"
20:42:38.112 [main] INFO  s.m.MsSearchEngineApplication - Started MsSearchEngineApplication in 3.18 seconds (process running for 3.957)
20:43:37.777 [main] INFO  s.m.MsSearchEngineApplication - Starting MsSearchEngineApplication using Java 17.0.7 with PID 12354 (/Users/linwunyu/Documents/GitHub/MS_search_engine/target/classes started by linwunyu in /Users/linwunyu/Documents/GitHub/MS_search_engine)
20:43:37.777 [main] DEBUG s.m.MsSearchEngineApplication - Running with Spring Boot v3.0.1, Spring v6.0.3
20:43:37.778 [main] INFO  s.m.MsSearchEngineApplication - No active profile set, falling back to 1 default profile: "default"
20:43:40.220 [main] INFO  s.m.MsSearchEngineApplication - Started MsSearchEngineApplication in 2.744 seconds (process running for 3.436)
20:43:52.273 [main] INFO  s.m.MsSearchEngineApplication - Starting MsSearchEngineApplication using Java 17.0.7 with PID 12371 (/Users/linwunyu/Documents/GitHub/MS_search_engine/target/classes started by linwunyu in /Users/linwunyu/Documents/GitHub/MS_search_engine)
20:43:52.274 [main] DEBUG s.m.MsSearchEngineApplication - Running with Spring Boot v3.0.1, Spring v6.0.3
20:43:52.275 [main] INFO  s.m.MsSearchEngineApplication - No active profile set, falling back to 1 default profile: "default"
20:43:54.660 [main] INFO  s.m.MsSearchEngineApplication - Started MsSearchEngineApplication in 2.688 seconds (process running for 3.362)
20:45:22.576 [main] INFO  s.m.MsSearchEngineApplication - Starting MsSearchEngineApplication using Java 17.0.7 with PID 12465 (/Users/linwunyu/Documents/GitHub/MS_search_engine/target/classes started by linwunyu in /Users/linwunyu/Documents/GitHub/MS_search_engine)
20:45:22.577 [main] DEBUG s.m.MsSearchEngineApplication - Running with Spring Boot v3.0.1, Spring v6.0.3
20:45:22.578 [main] INFO  s.m.MsSearchEngineApplication - No active profile set, falling back to 1 default profile: "default"
20:45:25.075 [main] INFO  s.m.MsSearchEngineApplication - Started MsSearchEngineApplication in 2.845 seconds (process running for 3.642)
20:46:15.884 [main] INFO  s.m.MsSearchEngineApplication - Starting MsSearchEngineApplication using Java 17.0.7 with PID 12523 (/Users/linwunyu/Documents/GitHub/MS_search_engine/target/classes started by linwunyu in /Users/linwunyu/Documents/GitHub/MS_search_engine)
20:46:15.885 [main] DEBUG s.m.MsSearchEngineApplication - Running with Spring Boot v3.0.1, Spring v6.0.3
20:46:15.885 [main] INFO  s.m.MsSearchEngineApplication - No active profile set, falling back to 1 default profile: "default"
20:46:18.649 [main] INFO  s.m.MsSearchEngineApplication - Started MsSearchEngineApplication in 3.064 seconds (process running for 3.713)
20:48:54.582 [main] INFO  s.m.MsSearchEngineApplication - Starting MsSearchEngineApplication using Java 17.0.7 with PID 12695 (/Users/linwunyu/Documents/GitHub/MS_search_engine/target/classes started by linwunyu in /Users/linwunyu/Documents/GitHub/MS_search_engine)
20:48:54.583 [main] DEBUG s.m.MsSearchEngineApplication - Running with Spring Boot v3.0.1, Spring v6.0.3
20:48:54.584 [main] INFO  s.m.MsSearchEngineApplication - No active profile set, falling back to 1 default profile: "default"
20:48:57.115 [main] INFO  s.m.MsSearchEngineApplication - Started MsSearchEngineApplication in 2.821 seconds (process running for 3.438)
21:04:33.051 [main] INFO  s.m.MsSearchEngineApplication - Starting MsSearchEngineApplication using Java 17.0.7 with PID 13586 (/Users/linwunyu/Documents/GitHub/MS_search_engine/target/classes started by linwunyu in /Users/linwunyu/Documents/GitHub/MS_search_engine)
21:04:33.052 [main] DEBUG s.m.MsSearchEngineApplication - Running with Spring Boot v3.0.1, Spring v6.0.3
21:04:33.053 [main] INFO  s.m.MsSearchEngineApplication - No active profile set, falling back to 1 default profile: "default"
21:04:35.463 [main] INFO  s.m.MsSearchEngineApplication - Started MsSearchEngineApplication in 2.712 seconds (process running for 3.472)
21:05:22.937 [main] INFO  s.m.MsSearchEngineApplication - Starting MsSearchEngineApplication using Java 17.0.7 with PID 13630 (/Users/linwunyu/Documents/GitHub/MS_search_engine/target/classes started by linwunyu in /Users/linwunyu/Documents/GitHub/MS_search_engine)
21:05:22.939 [main] DEBUG s.m.MsSearchEngineApplication - Running with Spring Boot v3.0.1, Spring v6.0.3
21:05:22.940 [main] INFO  s.m.MsSearchEngineApplication - No active profile set, falling back to 1 default profile: "default"
21:05:25.534 [main] INFO  s.m.MsSearchEngineApplication - Started MsSearchEngineApplication in 3.103 seconds (process running for 3.794)
21:07:29.423 [main] INFO  s.m.MsSearchEngineApplication - Starting MsSearchEngineApplication using Java 17.0.7 with PID 13744 (/Users/linwunyu/Documents/GitHub/MS_search_engine/target/classes started by linwunyu in /Users/linwunyu/Documents/GitHub/MS_search_engine)
21:07:29.424 [main] DEBUG s.m.MsSearchEngineApplication - Running with Spring Boot v3.0.1, Spring v6.0.3
21:07:29.424 [main] INFO  s.m.MsSearchEngineApplication - No active profile set, falling back to 1 default profile: "default"
21:07:31.823 [main] INFO  s.m.MsSearchEngineApplication - Started MsSearchEngineApplication in 2.721 seconds (process running for 3.395)
21:08:40.382 [main] INFO  s.m.MsSearchEngineApplication - Starting MsSearchEngineApplication using Java 17.0.7 with PID 13814 (/Users/linwunyu/Documents/GitHub/MS_search_engine/target/classes started by linwunyu in /Users/linwunyu/Documents/GitHub/MS_search_engine)
21:08:40.383 [main] DEBUG s.m.MsSearchEngineApplication - Running with Spring Boot v3.0.1, Spring v6.0.3
21:08:40.384 [main] INFO  s.m.MsSearchEngineApplication - No active profile set, falling back to 1 default profile: "default"
21:08:42.720 [main] INFO  s.m.MsSearchEngineApplication - Started MsSearchEngineApplication in 2.632 seconds (process running for 3.253)
